Archive member included because of file (symbol)

/home/brower/Programowanie/STM32/gcc-arm-none-eabi-4_8-2014q2/bin/../lib/gcc/arm-none-eabi/4.8.4/../../../../arm-none-eabi/lib/armv7e-m/libg_s.a(lib_a-errno.o)
                              ./system/src/newlib/_sbrk.o (__errno)
/home/brower/Programowanie/STM32/gcc-arm-none-eabi-4_8-2014q2/bin/../lib/gcc/arm-none-eabi/4.8.4/../../../../arm-none-eabi/lib/armv7e-m/libg_s.a(lib_a-impure.o)
                              /home/brower/Programowanie/STM32/gcc-arm-none-eabi-4_8-2014q2/bin/../lib/gcc/arm-none-eabi/4.8.4/../../../../arm-none-eabi/lib/armv7e-m/libg_s.a(lib_a-errno.o) (_impure_ptr)
/home/brower/Programowanie/STM32/gcc-arm-none-eabi-4_8-2014q2/bin/../lib/gcc/arm-none-eabi/4.8.4/../../../../arm-none-eabi/lib/armv7e-m/libg_s.a(lib_a-strcmp.o)
                              ./system/src/cortexm/exception_handlers.o (strcmp)
/home/brower/Programowanie/STM32/gcc-arm-none-eabi-4_8-2014q2/bin/../lib/gcc/arm-none-eabi/4.8.4/../../../../arm-none-eabi/lib/armv7e-m/libg_s.a(lib_a-strlen.o)
                              ./system/src/diag/Trace.o (strlen)
/home/brower/Programowanie/STM32/gcc-arm-none-eabi-4_8-2014q2/bin/../lib/gcc/arm-none-eabi/4.8.4/../../../../arm-none-eabi/lib/armv7e-m/libg_s.a(lib_a-vsnprintf.o)
                              ./system/src/diag/Trace.o (vsnprintf)
/home/brower/Programowanie/STM32/gcc-arm-none-eabi-4_8-2014q2/bin/../lib/gcc/arm-none-eabi/4.8.4/../../../../arm-none-eabi/lib/armv7e-m/libg_s.a(lib_a-svfprintf.o)
                              /home/brower/Programowanie/STM32/gcc-arm-none-eabi-4_8-2014q2/bin/../lib/gcc/arm-none-eabi/4.8.4/../../../../arm-none-eabi/lib/armv7e-m/libg_s.a(lib_a-vsnprintf.o) (_svfprintf_r)
/home/brower/Programowanie/STM32/gcc-arm-none-eabi-4_8-2014q2/bin/../lib/gcc/arm-none-eabi/4.8.4/../../../../arm-none-eabi/lib/armv7e-m/libg_s.a(lib_a-vfprintf_i.o)
                              /home/brower/Programowanie/STM32/gcc-arm-none-eabi-4_8-2014q2/bin/../lib/gcc/arm-none-eabi/4.8.4/../../../../arm-none-eabi/lib/armv7e-m/libg_s.a(lib_a-svfprintf.o) (_printf_i)
/home/brower/Programowanie/STM32/gcc-arm-none-eabi-4_8-2014q2/bin/../lib/gcc/arm-none-eabi/4.8.4/../../../../arm-none-eabi/lib/armv7e-m/libg_s.a(lib_a-memchr-stub.o)
                              /home/brower/Programowanie/STM32/gcc-arm-none-eabi-4_8-2014q2/bin/../lib/gcc/arm-none-eabi/4.8.4/../../../../arm-none-eabi/lib/armv7e-m/libg_s.a(lib_a-svfprintf.o) (memchr)
/home/brower/Programowanie/STM32/gcc-arm-none-eabi-4_8-2014q2/bin/../lib/gcc/arm-none-eabi/4.8.4/../../../../arm-none-eabi/lib/armv7e-m/libg_s.a(lib_a-memcpy-stub.o)
                              /home/brower/Programowanie/STM32/gcc-arm-none-eabi-4_8-2014q2/bin/../lib/gcc/arm-none-eabi/4.8.4/../../../../arm-none-eabi/lib/armv7e-m/libg_s.a(lib_a-svfprintf.o) (memcpy)
/home/brower/Programowanie/STM32/gcc-arm-none-eabi-4_8-2014q2/bin/../lib/gcc/arm-none-eabi/4.8.4/../../../../arm-none-eabi/lib/armv7e-m/libg_s.a(lib_a-memmove.o)
                              /home/brower/Programowanie/STM32/gcc-arm-none-eabi-4_8-2014q2/bin/../lib/gcc/arm-none-eabi/4.8.4/../../../../arm-none-eabi/lib/armv7e-m/libg_s.a(lib_a-svfprintf.o) (memmove)
/home/brower/Programowanie/STM32/gcc-arm-none-eabi-4_8-2014q2/bin/../lib/gcc/arm-none-eabi/4.8.4/../../../../arm-none-eabi/lib/armv7e-m/libg_s.a(lib_a-nano-freer.o)
                              /home/brower/Programowanie/STM32/gcc-arm-none-eabi-4_8-2014q2/bin/../lib/gcc/arm-none-eabi/4.8.4/../../../../arm-none-eabi/lib/armv7e-m/libg_s.a(lib_a-svfprintf.o) (_free_r)
/home/brower/Programowanie/STM32/gcc-arm-none-eabi-4_8-2014q2/bin/../lib/gcc/arm-none-eabi/4.8.4/../../../../arm-none-eabi/lib/armv7e-m/libg_s.a(lib_a-nano-mallocr.o)
                              /home/brower/Programowanie/STM32/gcc-arm-none-eabi-4_8-2014q2/bin/../lib/gcc/arm-none-eabi/4.8.4/../../../../arm-none-eabi/lib/armv7e-m/libg_s.a(lib_a-svfprintf.o) (_malloc_r)
/home/brower/Programowanie/STM32/gcc-arm-none-eabi-4_8-2014q2/bin/../lib/gcc/arm-none-eabi/4.8.4/../../../../arm-none-eabi/lib/armv7e-m/libg_s.a(lib_a-nano-reallocr.o)
                              /home/brower/Programowanie/STM32/gcc-arm-none-eabi-4_8-2014q2/bin/../lib/gcc/arm-none-eabi/4.8.4/../../../../arm-none-eabi/lib/armv7e-m/libg_s.a(lib_a-svfprintf.o) (_realloc_r)
/home/brower/Programowanie/STM32/gcc-arm-none-eabi-4_8-2014q2/bin/../lib/gcc/arm-none-eabi/4.8.4/../../../../arm-none-eabi/lib/armv7e-m/libg_s.a(lib_a-sbrkr.o)
                              /home/brower/Programowanie/STM32/gcc-arm-none-eabi-4_8-2014q2/bin/../lib/gcc/arm-none-eabi/4.8.4/../../../../arm-none-eabi/lib/armv7e-m/libg_s.a(lib_a-nano-mallocr.o) (_sbrk_r)
/home/brower/Programowanie/STM32/gcc-arm-none-eabi-4_8-2014q2/bin/../lib/gcc/arm-none-eabi/4.8.4/../../../../arm-none-eabi/lib/armv7e-m/libg_s.a(lib_a-nano-msizer.o)
[...]
Memory Configuration

Name             Origin             Length             Attributes
RAM              0x20000000         0x00020000         xrw
CCMRAM           0x10000000         0x00010000         xrw
FLASH            0x08000000         0x00100000         xr
FLASHB1          0x00000000         0x00000000         xr
EXTMEMB0         0x00000000         0x00000000         xr
EXTMEMB1         0x00000000         0x00000000         xr
EXTMEMB2         0x00000000         0x00000000         xr
EXTMEMB3         0x00000000         0x00000000         xr
MEMORY_ARRAY     0x20002000         0x00000020         xrw
*default*        0x00000000         0xffffffff

Linker script and memory map

LOAD ./system/src/stm32f4-hal/stm32f4xx_hal.o
LOAD ./system/src/stm32f4-hal/stm32f4xx_hal_cortex.o
LOAD ./system/src/stm32f4-hal/stm32f4xx_hal_flash.o
LOAD ./system/src/stm32f4-hal/stm32f4xx_hal_flash_ex.o
LOAD ./system/src/stm32f4-hal/stm32f4xx_hal_flash_ramfunc.o
LOAD ./system/src/stm32f4-hal/stm32f4xx_hal_gpio.o
LOAD ./system/src/stm32f4-hal/stm32f4xx_hal_iwdg.o
LOAD ./system/src/stm32f4-hal/stm32f4xx_hal_pcd_ex.o
LOAD ./system/src/stm32f4-hal/stm32f4xx_hal_pwr.o
LOAD ./system/src/stm32f4-hal/stm32f4xx_hal_pwr_ex.o
LOAD ./system/src/stm32f4-hal/stm32f4xx_hal_rcc.o
LOAD ./system/src/stm32f4-hal/stm32f4xx_hal_rcc_ex.o
LOAD ./system/src/newlib/_cxx.o
LOAD ./system/src/newlib/_exit.o
LOAD ./system/src/newlib/_sbrk.o
LOAD ./system/src/newlib/_startup.o
LOAD ./system/src/newlib/_syscalls.o
LOAD ./system/src/newlib/assert.o
LOAD ./system/src/diag/Trace.o
LOAD ./system/src/diag/trace_impl.o
LOAD ./system/src/cortexm/_initialize_hardware.o
LOAD ./system/src/cortexm/_reset_hardware.o
LOAD ./system/src/cortexm/exception_handlers.o
LOAD ./system/src/cmsis/system_stm32f4xx.o
LOAD ./system/src/cmsis/vectors_stm32f4xx.o
LOAD ./src/BlinkLed.o
LOAD ./src/LCD.o
LOAD ./src/Timer.o
LOAD ./src/_initialize_hardware.o
LOAD ./src/_write.o
LOAD ./src/main.o
LOAD ./src/stm32f4xx_hal_tim.o
LOAD /home/brower/Programowanie/STM32/gcc-arm-none-eabi-4_8-2014q2/bin/../lib/gcc/arm-none-eabi/4.8.4/../../../../arm-none-eabi/lib/armv7e-m/libstdc++_s.a
LOAD /home/brower/Programowanie/STM32/gcc-arm-none-eabi-4_8-2014q2/bin/../lib/gcc/arm-none-eabi/4.8.4/../../../../arm-none-eabi/lib/armv7e-m/libm.a
START GROUP
LOAD /home/brower/Programowanie/STM32/gcc-arm-none-eabi-4_8-2014q2/bin/../lib/gcc/arm-none-eabi/4.8.4/armv7e-m/libgcc.a
LOAD /home/brower/Programowanie/STM32/gcc-arm-none-eabi-4_8-2014q2/bin/../lib/gcc/arm-none-eabi/4.8.4/../../../../arm-none-eabi/lib/armv7e-m/libg_s.a
LOAD /home/brower/Programowanie/STM32/gcc-arm-none-eabi-4_8-2014q2/bin/../lib/gcc/arm-none-eabi/4.8.4/../../../../arm-none-eabi/lib/armv7e-m/libc_s.a
END GROUP
START GROUP
LOAD /home/brower/Programowanie/STM32/gcc-arm-none-eabi-4_8-2014q2/bin/../lib/gcc/arm-none-eabi/4.8.4/armv7e-m/libgcc.a
LOAD /home/brower/Programowanie/STM32/gcc-arm-none-eabi-4_8-2014q2/bin/../lib/gcc/arm-none-eabi/4.8.4/../../../../arm-none-eabi/lib/armv7e-m/libc_s.a
END GROUP
                0x20020000                __stack = (ORIGIN (RAM) + 0x20000)
                0x20020000                _estack = __stack
                0x00000400                __Main_Stack_Size = 0x400
                0x00000400                PROVIDE (_Main_Stack_Size, __Main_Stack_Size)
                0x2001fc00                __Main_Stack_Limit = (__stack - __Main_Stack_Size)
                0x2001fc00                PROVIDE (_Main_Stack_Limit, __Main_Stack_Limit)
                0x00000100                _Minimum_Stack_Size = 0x100
                0x200034a4                PROVIDE (_Heap_Begin, _end_noinit)
                0x2001fc00                PROVIDE (_Heap_Limit, (__stack - __Main_Stack_Size))

.isr_vector     0x08000000      0x3e8
 FILL mask 0xff
                0x08000000                __vectors_start__ = ABSOLUTE (.)
 *(.isr_vector)
 .isr_vector    0x08000000      0x188 ./system/src/cmsis/vectors_stm32f4xx.o
                0x08000000                __isr_vectors
 *(.cfmconfig)
 *(.after_vectors .after_vectors.*)
 .after_vectors
                0x08000188      0x130 ./system/src/newlib/_startup.o
                0x08000188                _start
 .after_vectors
                0x080002b8      0x12c ./system/src/cortexm/exception_handlers.o
                0x080002b8                Reset_Handler
                0x080002c0                NMI_Handler
                0x080002c4                HardFault_Handler
                0x080002d8                HardFault_Handler_C
                0x08000334                MemManage_Handler
                0x08000338                BusFault_Handler
                0x0800034c                BusFault_Handler_C
                0x08000380                UsageFault_Handler
                0x08000394                UsageFault_Handler_C
                0x080003c8                SVC_Handler
                0x080003cc                DebugMon_Handler
                0x080003d0                PendSV_Handler
 .after_vectors
                0x080003e4        0x4 ./system/src/cmsis/vectors_stm32f4xx.o
                0x080003e4                RTC_Alarm_IRQHandler
                0x080003e4                HASH_RNG_IRQHandler
                0x080003e4                TIM8_CC_IRQHandler
                0x080003e4                TIM1_CC_IRQHandler
                0x080003e4                DMA2_Stream5_IRQHandler
                0x080003e4                DMA1_Stream5_IRQHandler
                0x080003e4                PVD_IRQHandler
                0x080003e4                SDIO_IRQHandler
                0x080003e4                TAMP_STAMP_IRQHandler
                0x080003e4                CAN2_RX1_IRQHandler
                0x080003e4                TIM8_TRG_COM_TIM14_IRQHandler
                0x080003e4                TIM1_UP_TIM10_IRQHandler
                0x080003e4                TIM8_UP_TIM13_IRQHandler
                0x080003e4                I2C3_ER_IRQHandler
                0x080003e4                EXTI0_IRQHandler
                0x080003e4                I2C2_EV_IRQHandler
                0x080003e4                DMA1_Stream2_IRQHandler
                0x080003e4                CAN1_RX0_IRQHandler
                0x080003e4                FPU_IRQHandler
                0x080003e4                OTG_HS_WKUP_IRQHandler
                0x080003e4                CAN2_SCE_IRQHandler
                0x080003e4                DMA2_Stream2_IRQHandler
                0x080003e4                SPI1_IRQHandler
                0x080003e4                TIM6_DAC_IRQHandler
                0x080003e4                TIM1_BRK_TIM9_IRQHandler
                0x080003e4                DCMI_IRQHandler
                0x080003e4                CAN2_RX0_IRQHandler
                0x080003e4                DMA2_Stream3_IRQHandler
                0x080003e4                USART6_IRQHandler
                0x080003e4                USART3_IRQHandler
                0x080003e4                CAN1_RX1_IRQHandler
                0x080003e4                UART5_IRQHandler
                0x080003e4                DMA2_Stream0_IRQHandler
                0x080003e4                TIM4_IRQHandler
                0x080003e4                I2C1_EV_IRQHandler
                0x080003e4                DMA1_Stream6_IRQHandler
                0x080003e4                DMA1_Stream1_IRQHandler
                0x080003e4                UART4_IRQHandler
                0x080003e4                TIM3_IRQHandler
                0x080003e4                RCC_IRQHandler
                0x080003e4                TIM8_BRK_TIM12_IRQHandler
                0x080003e4                Default_Handler
                0x080003e4                EXTI15_10_IRQHandler
                0x080003e4                ADC_IRQHandler
                0x080003e4                DMA1_Stream7_IRQHandler
                0x080003e4                TIM7_IRQHandler
                0x080003e4                CAN2_TX_IRQHandler
                0x080003e4                TIM5_IRQHandler
                0x080003e4                DMA2_Stream7_IRQHandler
                0x080003e4                I2C3_EV_IRQHandler
                0x080003e4                EXTI9_5_IRQHandler
                0x080003e4                RTC_WKUP_IRQHandler
                0x080003e4                ETH_WKUP_IRQHandler
                0x080003e4                SPI2_IRQHandler
                0x080003e4                OTG_HS_EP1_IN_IRQHandler
                0x080003e4                DMA1_Stream0_IRQHandler
                0x080003e4                CAN1_TX_IRQHandler
                0x080003e4                FSMC_IRQHandler
                0x080003e4                ETH_IRQHandler
                0x080003e4                OTG_HS_EP1_OUT_IRQHandler
                0x080003e4                WWDG_IRQHandler
                0x080003e4                TIM2_IRQHandler
                0x080003e4                OTG_FS_WKUP_IRQHandler
                0x080003e4                TIM1_TRG_COM_TIM11_IRQHandler
                0x080003e4                OTG_HS_IRQHandler
                0x080003e4                USART2_IRQHandler
                0x080003e4                I2C2_ER_IRQHandler
                0x080003e4                DMA2_Stream1_IRQHandler
                0x080003e4                CAN1_SCE_IRQHandler
                0x080003e4                FLASH_IRQHandler
                0x080003e4                DMA2_Stream4_IRQHandler
                0x080003e4                USART1_IRQHandler
                0x080003e4                OTG_FS_IRQHandler
                0x080003e4                SPI3_IRQHandler
                0x080003e4                DMA1_Stream4_IRQHandler
                0x080003e4                I2C1_ER_IRQHandler
                0x080003e4                DMA2_Stream6_IRQHandler
                0x080003e4                DMA1_Stream3_IRQHandler

.inits          0x080003e8       0x28
                0x080003e8                __data_regions_array_start = .
                0x080003e8        0x4 LONG 0x8002c70 LOADADDR (.data)
                0x080003ec        0x4 LONG 0x20000000 ADDR (.data)
                0x080003f0        0x4 LONG 0x200002a0 (ADDR (.data) + SIZEOF (.data))
                0x080003f4        0x4 LONG 0x8002c70 LOADADDR (.data_CCMRAM)
                0x080003f8        0x4 LONG 0x10000000 ADDR (.data_CCMRAM)
                0x080003fc        0x4 LONG 0x10000000 (ADDR (.data_CCMRAM) + SIZEOF (.data_CCMRAM))
                0x08000400                __data_regions_array_end = .
                0x08000400                __bss_regions_array_start = .
                0x08000400        0x4 LONG 0x200002a0 ADDR (.bss)
                0x08000404        0x4 LONG 0x200034a4 (ADDR (.bss) + SIZEOF (.bss))
                0x08000408        0x4 LONG 0x10000000 ADDR (.bss_CCMRAM)
                0x0800040c        0x4 LONG 0x10000000 (ADDR (.bss_CCMRAM) + SIZEOF (.bss_CCMRAM))
                0x08000410                __bss_regions_array_end = .
 *(.init)
 *(.fini)
                0x08000410                . = ALIGN (0x4)
                0x08000410                PROVIDE (__preinit_array_start, .)
 *(.preinit_array_sysinit .preinit_array_sysinit.*)
 *(.preinit_array_platform .preinit_array_platform.*)
 *(.preinit_array .preinit_array.*)
                0x08000410                PROVIDE (__preinit_array_end, .)
                0x08000410                . = ALIGN (0x4)
                0x08000410                PROVIDE (__init_array_start, .)
 *(SORT(.init_array.*))
 *(.init_array)
                0x08000410                PROVIDE (__init_array_end, .)
                0x08000410                . = ALIGN (0x4)
                0x08000410                PROVIDE (__fini_array_start, .)
 *(SORT(.fini_array.*))
 *(.fini_array)
                0x08000410                PROVIDE (__fini_array_end, .)

.flashtext
 *(.flashtext .flashtext.*)

.text           0x08000410     0x285d
 *(.text .text.*)
 .text.HAL_MspInit
                0x08000410        0x4 ./system/src/stm32f4-hal/stm32f4xx_hal.o
                0x08000410                HAL_MspInit
 .text.HAL_InitTick
                0x08000414       0x28 ./system/src/stm32f4-hal/stm32f4xx_hal.o
                0x08000414                HAL_InitTick
 .text.HAL_Init
                0x0800043c       0x34 ./system/src/stm32f4-hal/stm32f4xx_hal.o
                0x0800043c                HAL_Init
 .text.HAL_GetTick
                0x08000470        0xc ./system/src/stm32f4-hal/stm32f4xx_hal.o
                0x08000470                HAL_GetTick
 .text.HAL_SuspendTick
                0x0800047c       0x10 ./system/src/stm32f4-hal/stm32f4xx_hal.o
                0x0800047c                HAL_SuspendTick
 .text.HAL_NVIC_SetPriorityGrouping
                0x0800048c       0x3c ./system/src/stm32f4-hal/stm32f4xx_hal_cortex.o
                0x0800048c                HAL_NVIC_SetPriorityGrouping
 .text.HAL_NVIC_SetPriority
                0x080004c8       0x84 ./system/src/stm32f4-hal/stm32f4xx_hal_cortex.o
                0x080004c8                HAL_NVIC_SetPriority
 .text.HAL_SYSTICK_Config
                0x0800054c       0x2c ./system/src/stm32f4-hal/stm32f4xx_hal_cortex.o
                0x0800054c                HAL_SYSTICK_Config
 .text.HAL_GPIO_Init
                0x08000578      0x318 ./system/src/stm32f4-hal/stm32f4xx_hal_gpio.o
                0x08000578                HAL_GPIO_Init
 .text.HAL_GPIO_WritePin
                0x08000890       0x34 ./system/src/stm32f4-hal/stm32f4xx_hal_gpio.o
                0x08000890                HAL_GPIO_WritePin
 .text.HAL_GPIO_EXTI_Callback
                0x080008c4        0x4 ./system/src/stm32f4-hal/stm32f4xx_hal_gpio.o
                0x080008c4                HAL_GPIO_EXTI_Callback
 .text.HAL_GPIO_EXTI_IRQHandler
                0x080008c8       0x18 ./system/src/stm32f4-hal/stm32f4xx_hal_gpio.o
                0x080008c8                HAL_GPIO_EXTI_IRQHandler
 .text.HAL_RCC_OscConfig
                0x080008e0      0x4ac ./system/src/stm32f4-hal/stm32f4xx_hal_rcc.o
                0x080008e0                HAL_RCC_OscConfig
 .text.HAL_RCC_ClockConfig
                0x08000d8c      0x32c ./system/src/stm32f4-hal/stm32f4xx_hal_rcc.o
                0x08000d8c                HAL_RCC_ClockConfig
 .text.HAL_RCC_GetSysClockFreq
                0x080010b8       0xa0 ./system/src/stm32f4-hal/stm32f4xx_hal_rcc.o
                0x080010b8                HAL_RCC_GetSysClockFreq
 .text.HAL_RCC_GetHCLKFreq
                0x08001158       0x38 ./system/src/stm32f4-hal/stm32f4xx_hal_rcc.o
                0x08001158                HAL_RCC_GetHCLKFreq
 .text._exit    0x08001190        0x4 ./system/src/newlib/_exit.o
                0x08001190                _exit
 .text.abort    0x08001194       0x14 ./system/src/newlib/_exit.o
                0x08001194                abort
 .text._sbrk    0x080011a8       0x44 ./system/src/newlib/_sbrk.o
                0x080011a8                _sbrk
 .text.__initialize_args
                0x080011ec       0x10 ./system/src/newlib/_syscalls.o
                0x080011ec                __initialize_args
 .text.assert_failed
                0x080011fc       0x18 ./system/src/newlib/assert.o
                0x080011fc                assert_failed
 .text.trace_printf
                0x08001214       0x34 ./system/src/diag/Trace.o
                0x08001214                trace_printf
 .text.trace_puts
                0x08001248       0x20 ./system/src/diag/Trace.o
                0x08001248                trace_puts
 .text._trace_write_semihosting_stdout
                0x08001268       0x70 ./system/src/diag/trace_impl.o
 .text.trace_write
                0x080012d8        0x8 ./system/src/diag/trace_impl.o
                0x080012d8                trace_write
 .text.__initialize_hardware_early
                0x080012e0        0x8 ./system/src/cortexm/_initialize_hardware.o
                0x080012e0                __initialize_hardware_early
 .text.dumpExceptionStack
                0x080012e8       0xf0 ./system/src/cortexm/exception_handlers.o
                0x080012e8                dumpExceptionStack
 .text.isSemihosting
                0x080013d8       0x78 ./system/src/cortexm/exception_handlers.o
                0x080013d8                isSemihosting
 .text.SystemInit
                0x08001450       0x40 ./system/src/cmsis/system_stm32f4xx.o
                0x08001450                SystemInit
 .text.blink_led_init
                0x08001490       0x40 ./src/BlinkLed.o
                0x08001490                blink_led_init
 .text.LCD5110_GPIO_Config
                0x080014d0       0x7c ./src/LCD.o
                0x080014d0                LCD5110_GPIO_Config
 .text.LCD5110_CS
                0x0800154c       0x24 ./src/LCD.o
                0x0800154c                LCD5110_CS
 .text.LCD5110_RST
                0x08001570       0x24 ./src/LCD.o
                0x08001570                LCD5110_RST
 .text.LCD5110_DC
                0x08001594       0x24 ./src/LCD.o
                0x08001594                LCD5110_DC
 .text.LCD5110_MO
                0x080015b8       0x20 ./src/LCD.o
                0x080015b8                LCD5110_MO
 .text.LCD5110_SCK
                0x080015d8       0x24 ./src/LCD.o
                0x080015d8                LCD5110_SCK
 .text.LCD5110_LCD_write_byte
                0x080015fc       0x48 ./src/LCD.o
                0x080015fc                LCD5110_LCD_write_byte
 .text.LCD5110_write_char
                0x08001644       0x2c ./src/LCD.o
                0x08001644                LCD5110_write_char
 .text.LCD5110_write_string
                0x08001670       0x14 ./src/LCD.o
                0x08001670                LCD5110_write_string
 .text.LCD5110_clear
                0x08001684       0x24 ./src/LCD.o
                0x08001684                LCD5110_clear
 .text.LCD5110_set_XY
                0x080016a8       0x20 ./src/LCD.o
                0x080016a8                LCD5110_set_XY
 .text.LCD5110_init
                0x080016c8       0x60 ./src/LCD.o
                0x080016c8                LCD5110_init
 .text.timer_start
                0x08001728       0x3c ./src/Timer.o
                0x08001728                timer_start
 .text.add_timer_task
                0x08001764        0xc ./src/Timer.o
                0x08001764                add_timer_task
 .text.timer_tick
                0x08001770       0x34 ./src/Timer.o
                0x08001770                timer_tick
 .text.SysTick_Handler
                0x080017a4        0x8 ./src/Timer.o
                0x080017a4                SysTick_Handler
 .text.configure_system_clock
                0x080017ac       0x68 ./src/_initialize_hardware.o
                0x080017ac                configure_system_clock
 .text.__initialize_hardware
                0x08001814       0x14 ./src/_initialize_hardware.o
                0x08001814                __initialize_hardware
 .text.klocki_na_piksele
                0x08001828       0xac ./src/main.o
                0x08001828                klocki_na_piksele
 .text.rysuj_ekran
                0x080018d4       0x24 ./src/main.o
                0x080018d4                rysuj_ekran
 .text.LCD_INIT
                0x080018f8      0x130 ./src/main.o
                0x080018f8                LCD_INIT
 .text.dodaj_klocek
                0x08001a28       0xd4 ./src/main.o
                0x08001a28                dodaj_klocek
 .text.sprawdz_klocek
                0x08001afc       0xa8 ./src/main.o
                0x08001afc                sprawdz_klocek
 .text.koniec_gry
                0x08001ba4       0xd4 ./src/main.o
                0x08001ba4                koniec_gry
 .text.usun_linie
                0x08001c78       0x64 ./src/main.o
                0x08001c78                usun_linie
 .text.szukaj_linii
                0x08001cdc       0x38 ./src/main.o
                0x08001cdc                szukaj_linii
 .text.gra_tick
                0x08001d14       0xb4 ./src/main.o
                0x08001d14                gra_tick
 .text.init_PA1
                0x08001dc8       0x40 ./src/main.o
                0x08001dc8                init_PA1
 .text.init_PA2
                0x08001e08       0x44 ./src/main.o
                0x08001e08                init_PA2
 .text.init_PA3
                0x08001e4c       0x44 ./src/main.o
                0x08001e4c                init_PA3
 .text.init_PA4
                0x08001e90       0x44 ./src/main.o
                0x08001e90                init_PA4
 .text.EXTI1_IRQHandler
                0x08001ed4       0x6c ./src/main.o
                0x08001ed4                EXTI1_IRQHandler
 .text.EXTI2_IRQHandler
                0x08001f40       0x6c ./src/main.o
                0x08001f40                EXTI2_IRQHandler
 .text.EXTI3_IRQHandler
                0x08001fac      0x108 ./src/main.o
                0x08001fac                EXTI3_IRQHandler
 .text.EXTI4_IRQHandler
                0x080020b4       0x14 ./src/main.o
                0x080020b4                EXTI4_IRQHandler
 .text.main     0x080020c8       0x2c ./src/main.o
                0x080020c8                main
 .text.__errno  0x080020f4        0xc /home/brower/Programowanie/STM32/gcc-arm-none-eabi-4_8-2014q2/bin/../lib/gcc/arm-none-eabi/4.8.4/../../../../arm-none-eabi/lib/armv7e-m/libg_s.a(lib_a-errno.o)
                0x080020f4                __errno
 .text          0x08002100       0x14 /home/brower/Programowanie/STM32/gcc-arm-none-eabi-4_8-2014q2/bin/../lib/gcc/arm-none-eabi/4.8.4/../../../../arm-none-eabi/lib/armv7e-m/libg_s.a(lib_a-strcmp.o)
                0x08002100                strcmp
 .text.strlen   0x08002114       0x10 /home/brower/Programowanie/STM32/gcc-arm-none-eabi-4_8-2014q2/bin/../lib/gcc/arm-none-eabi/4.8.4/../../../../arm-none-eabi/lib/armv7e-m/libg_s.a(lib_a-strlen.o)
                0x08002114                strlen
 .text._vsnprintf_r
                0x08002124       0x52 /home/brower/Programowanie/STM32/gcc-arm-none-eabi-4_8-2014q2/bin/../lib/gcc/arm-none-eabi/4.8.4/../../../../arm-none-eabi/lib/armv7e-m/libg_s.a(lib_a-vsnprintf.o)
                0x08002124                _vsnprintf_r
                0x08002124                _vsniprintf_r
 *fill*         0x08002176        0x2 
 .text.vsnprintf
                0x08002178       0x20 /home/brower/Programowanie/STM32/gcc-arm-none-eabi-4_8-2014q2/bin/../lib/gcc/arm-none-eabi/4.8.4/../../../../arm-none-eabi/lib/armv7e-m/libg_s.a(lib_a-vsnprintf.o)
                0x08002178                vsnprintf
                0x08002178                vsniprintf
 .text.__ssputs_r
                0x08002198       0xb8 /home/brower/Programowanie/STM32/gcc-arm-none-eabi-4_8-2014q2/bin/../lib/gcc/arm-none-eabi/4.8.4/../../../../arm-none-eabi/lib/armv7e-m/libg_s.a(lib_a-svfprintf.o)
                0x08002198                __ssputs_r
 .text._svfprintf_r
                0x08002250      0x1dc /home/brower/Programowanie/STM32/gcc-arm-none-eabi-4_8-2014q2/bin/../lib/gcc/arm-none-eabi/4.8.4/../../../../arm-none-eabi/lib/armv7e-m/libg_s.a(lib_a-svfprintf.o)
                0x08002250                _svfprintf_r
                0x08002250                _svfiprintf_r
 .text._printf_common
                0x0800242c       0xe4 /home/brower/Programowanie/STM32/gcc-arm-none-eabi-4_8-2014q2/bin/../lib/gcc/arm-none-eabi/4.8.4/../../../../arm-none-eabi/lib/armv7e-m/libg_s.a(lib_a-vfprintf_i.o)
                0x0800242c                _printf_common
 .text._printf_i
                0x08002510      0x228 /home/brower/Programowanie/STM32/gcc-arm-none-eabi-4_8-2014q2/bin/../lib/gcc/arm-none-eabi/4.8.4/../../../../arm-none-eabi/lib/armv7e-m/libg_s.a(lib_a-vfprintf_i.o)
                0x08002510                _printf_i
 .text.memchr   0x08002738       0x1e /home/brower/Programowanie/STM32/gcc-arm-none-eabi-4_8-2014q2/bin/../lib/gcc/arm-none-eabi/4.8.4/../../../../arm-none-eabi/lib/armv7e-m/libg_s.a(lib_a-memchr-stub.o)
                0x08002738                memchr
 .text.memcpy   0x08002756       0x12 /home/brower/Programowanie/STM32/gcc-arm-none-eabi-4_8-2014q2/bin/../lib/gcc/arm-none-eabi/4.8.4/../../../../arm-none-eabi/lib/armv7e-m/libg_s.a(lib_a-memcpy-stub.o)
                0x08002756                memcpy
 .text.memmove  0x08002768       0x36 /home/brower/Programowanie/STM32/gcc-arm-none-eabi-4_8-2014q2/bin/../lib/gcc/arm-none-eabi/4.8.4/../../../../arm-none-eabi/lib/armv7e-m/libg_s.a(lib_a-memmove.o)
                0x08002768                memmove
 *fill*         0x0800279e        0x2 
 .text._free_r  0x080027a0       0x88 /home/brower/Programowanie/STM32/gcc-arm-none-eabi-4_8-2014q2/bin/../lib/gcc/arm-none-eabi/4.8.4/../../../../arm-none-eabi/lib/armv7e-m/libg_s.a(lib_a-nano-freer.o)
                0x080027a0                _free_r
 .text._malloc_r
                0x08002828       0xa8 /home/brower/Programowanie/STM32/gcc-arm-none-eabi-4_8-2014q2/bin/../lib/gcc/arm-none-eabi/4.8.4/../../../../arm-none-eabi/lib/armv7e-m/libg_s.a(lib_a-nano-mallocr.o)
                0x08002828                _malloc_r
 .text._realloc_r
                0x080028d0       0x4c /home/brower/Programowanie/STM32/gcc-arm-none-eabi-4_8-2014q2/bin/../lib/gcc/arm-none-eabi/4.8.4/../../../../arm-none-eabi/lib/armv7e-m/libg_s.a(lib_a-nano-reallocr.o)
                0x080028d0                _realloc_r
 .text._sbrk_r  0x0800291c       0x20 /home/brower/Programowanie/STM32/gcc-arm-none-eabi-4_8-2014q2/bin/../lib/gcc/arm-none-eabi/4.8.4/../../../../arm-none-eabi/lib/armv7e-m/libg_s.a(lib_a-sbrkr.o)
                0x0800291c                _sbrk_r
 .text._malloc_usable_size_r
                0x0800293c       0x12 /home/brower/Programowanie/STM32/gcc-arm-none-eabi-4_8-2014q2/bin/../lib/gcc/arm-none-eabi/4.8.4/../../../../arm-none-eabi/lib/armv7e-m/libg_s.a(lib_a-nano-msizer.o)
                0x0800293c                _malloc_usable_size_r
 *(.rodata .rodata.* .constdata .constdata.*)
 *fill*         0x0800294e        0x2 
 .rodata.str1.4
                0x08002950       0x31 ./system/src/stm32f4-hal/stm32f4xx_hal_cortex.o
                                 0x34 (size before relaxing)
 *fill*         0x08002981        0x3 
 .rodata.str1.4
                0x08002984       0x2f ./system/src/stm32f4-hal/stm32f4xx_hal_gpio.o
                                 0x30 (size before relaxing)
 *fill*         0x080029b3        0x1 
 .rodata.APBAHBPrescTable
                0x080029b4       0x10 ./system/src/stm32f4-hal/stm32f4xx_hal_rcc.o
                0x080029b4                APBAHBPrescTable
 .rodata.str1.4
                0x080029c4       0x2e ./system/src/stm32f4-hal/stm32f4xx_hal_rcc.o
                                 0x30 (size before relaxing)
 *fill*         0x080029f2        0x2 
 .rodata.str1.4
                0x080029f4       0x14 ./system/src/newlib/_exit.o
 .rodata.str1.4
                0x08002a08       0x6b ./system/src/newlib/assert.o
                                 0x70 (size before relaxing)
 *fill*         0x08002a73        0x1 
 .rodata.str1.4
                0x08002a74       0x29 ./system/src/diag/Trace.o
                                 0x30 (size before relaxing)
 *fill*         0x08002a9d        0x3 
 .rodata.str1.4
                0x08002aa0        0x4 ./system/src/diag/trace_impl.o
 .rodata.str1.4
                0x08002aa4      0x146 ./system/src/cortexm/exception_handlers.o
                                0x14c (size before relaxing)
 *fill*         0x08002bea        0x2 
 .rodata.str1.4
                0x08002bec       0x4c ./src/main.o
 .rodata.str1.1
                0x08002c38        0x2 /home/brower/Programowanie/STM32/gcc-arm-none-eabi-4_8-2014q2/bin/../lib/gcc/arm-none-eabi/4.8.4/../../../../arm-none-eabi/lib/armv7e-m/libg_s.a(lib_a-impure.o)
 .rodata.str1.1
                0x08002c3a       0x11 /home/brower/Programowanie/STM32/gcc-arm-none-eabi-4_8-2014q2/bin/../lib/gcc/arm-none-eabi/4.8.4/../../../../arm-none-eabi/lib/armv7e-m/libg_s.a(lib_a-svfprintf.o)
 .rodata.str1.1
                0x08002c4b       0x22 /home/brower/Programowanie/STM32/gcc-arm-none-eabi-4_8-2014q2/bin/../lib/gcc/arm-none-eabi/4.8.4/../../../../arm-none-eabi/lib/armv7e-m/libg_s.a(lib_a-vfprintf_i.o)
 *(vtable)
 *(.eh_frame*)
 *(.glue_7)
 .glue_7        0x00000000        0x0 linker stubs
 *(.glue_7t)
 .glue_7t       0x00000000        0x0 linker stubs

.vfp11_veneer   0x08002c70        0x0
 .vfp11_veneer  0x00000000        0x0 linker stubs

.v4_bx          0x08002c70        0x0
 .v4_bx         0x00000000        0x0 linker stubs

.iplt           0x08002c70        0x0
 .iplt          0x00000000        0x0 ./system/src/stm32f4-hal/stm32f4xx_hal.o

.rel.dyn        0x08002c70        0x0
 .rel.iplt      0x00000000        0x0 ./system/src/stm32f4-hal/stm32f4xx_hal.o

.ARM.extab
 *(.ARM.extab* .gnu.linkonce.armextab.*)
                0x08002c70                . = ALIGN (0x4)
                0x08002c70                __exidx_start = .

.ARM.exidx
 *(.ARM.exidx* .gnu.linkonce.armexidx.*)
                0x08002c70                __exidx_end = .
                0x08002c70                . = ALIGN (0x4)
                0x08002c70                _etext = .
                0x08002c70                __etext = .

.data_CCMRAM    0x10000000        0x0 load address 0x08002c70
 FILL mask 0xff
 *(.data.CCMRAM .data.CCMRAM.*)
                0x10000000                . = ALIGN (0x4)
                0x08002c70                _sidata = LOADADDR (.data)

.data           0x20000000      0x2a0 load address 0x08002c70
 FILL mask 0xff
                0x20000000                _sdata = .
                0x20000000                __data_start__ = .
 *(.data_begin .data_begin.*)
 .data_begin    0x20000000        0x4 ./system/src/newlib/_startup.o
 *(.data .data.*)
 .data.argv.4461
                0x20000004        0x8 ./system/src/newlib/_syscalls.o
 .data.SystemCoreClock
                0x2000000c        0x4 ./system/src/cmsis/system_stm32f4xx.o
                0x2000000c                SystemCoreClock
 .data.font6_8  0x20000010      0x228 ./src/LCD.o
                0x20000010                font6_8
 .data.impure_data
                0x20000238       0x60 /home/brower/Programowanie/STM32/gcc-arm-none-eabi-4_8-2014q2/bin/../lib/gcc/arm-none-eabi/4.8.4/../../../../arm-none-eabi/lib/armv7e-m/libg_s.a(lib_a-impure.o)
 .data._impure_ptr
                0x20000298        0x4 /home/brower/Programowanie/STM32/gcc-arm-none-eabi-4_8-2014q2/bin/../lib/gcc/arm-none-eabi/4.8.4/../../../../arm-none-eabi/lib/armv7e-m/libg_s.a(lib_a-impure.o)
                0x20000298                _impure_ptr
 *(.data_end .data_end.*)
 .data_end      0x2000029c        0x4 ./system/src/newlib/_startup.o
                0x200002a0                . = ALIGN (0x4)
                0x200002a0                _edata = .
                0x200002a0                __data_end__ = .

.igot.plt       0x200002a0        0x0 load address 0x08002f10
 .igot.plt      0x00000000        0x0 ./system/src/stm32f4-hal/stm32f4xx_hal.o

.bss_CCMRAM     0x10000000        0x0
 *(.bss.CCMRAM .bss.CCMRAM.*)

.bss            0x200002a0     0x3204
                0x200002a0                __bss_start__ = .
                0x200002a0                _sbss = .
 *(.bss_begin .bss_begin.*)
 .bss_begin     0x200002a0        0x4 ./system/src/newlib/_startup.o
 *(.bss .bss.*)
 .bss.uwTick    0x200002a4        0x4 ./system/src/stm32f4-hal/stm32f4xx_hal.o
 .bss.current_heap_end.4289
                0x200002a8        0x4 ./system/src/newlib/_sbrk.o
 .bss.name.4460
                0x200002ac        0x4 ./system/src/newlib/_syscalls.o
 .bss.buf.5352  0x200002b0       0x80 ./system/src/diag/Trace.o
 .bss.handle.9357
                0x20000330        0x4 ./system/src/diag/trace_impl.o
 .bss.pozycja_klocka
                0x20000334        0x1 ./src/main.o
 .bss.biezacy_klocek
                0x20000335        0x1 ./src/main.o
 .bss.start_gry
                0x20000336        0x1 ./src/main.o
 *fill*         0x20000337        0x1 
 .bss.prawa_linia
                0x20000338        0x4 ./src/main.o
 .bss.losowy_licznik
                0x2000033c        0x1 ./src/main.o
 *fill*         0x2000033d        0x3 
 .bss.ostateczny_wynik
                0x20000340        0x4 ./src/main.o
 .bss.klocki    0x20000344      0xfc0 ./src/main.o
 .bss.ruchy     0x20001304        0x1 ./src/main.o
 *fill*         0x20001305        0x3 
 .bss.klocek    0x20001308      0xfc0 ./src/main.o
 .bss.piksele   0x200022c8      0x1f8 ./src/main.o
 .bss.najnizsza_linia
                0x200024c0        0x4 ./src/main.o
 .bss.lewa_linia
                0x200024c4        0x4 ./src/main.o
 .bss.plansza   0x200024c8      0xfc0 ./src/main.o
 .bss.jest_klocek
                0x20003488        0x1 ./src/main.o
 *fill*         0x20003489        0x3 
 .bss.__malloc_sbrk_start
                0x2000348c        0x4 /home/brower/Programowanie/STM32/gcc-arm-none-eabi-4_8-2014q2/bin/../lib/gcc/arm-none-eabi/4.8.4/../../../../arm-none-eabi/lib/armv7e-m/libg_s.a(lib_a-nano-mallocr.o)
                0x2000348c                __malloc_sbrk_start
 .bss.__malloc_free_list
                0x20003490        0x4 /home/brower/Programowanie/STM32/gcc-arm-none-eabi-4_8-2014q2/bin/../lib/gcc/arm-none-eabi/4.8.4/../../../../arm-none-eabi/lib/armv7e-m/libg_s.a(lib_a-nano-mallocr.o)
                0x20003490                __malloc_free_list
 *(COMMON)
 COMMON         0x20003494        0x4 ./system/src/newlib/_syscalls.o
                0x20003494                errno
 COMMON         0x20003498        0x8 ./src/Timer.o
                0x20003498                timer_delayCount
                0x2000349c                timer_delayCount2
 *(.bss_end .bss_end.*)
 .bss_end       0x200034a0        0x4 ./system/src/newlib/_startup.o
                0x200034a4                . = ALIGN (0x4)
                0x200034a4                __bss_end__ = .
                0x200034a4                _ebss = .

.noinit_CCMRAM
 *(.noinit.CCMRAM .noinit.CCMRAM.*)

.noinit         0x200034a4        0x0
                0x200034a4                _noinit = .
 *(.noinit .noinit.*)
                0x200034a4                . = ALIGN (0x4)
                0x200034a4                _end_noinit = .
                0x200034a4                PROVIDE (end, _end_noinit)
                0x200034a4                PROVIDE (_end, _end_noinit)
                0x200034a4                PROVIDE (__end, _end_noinit)
                0x200034a4                PROVIDE (__end__, _end_noinit)

._check_stack   0x200034a4      0x100
                0x200035a4                . = (. + _Minimum_Stack_Size)
 *fill*         0x200034a4      0x100 

.b1text
 *(.b1text)
 *(.b1rodata)
 *(.b1rodata.*)

.eb0text
 *(.eb0text)
 *(.eb0rodata)
 *(.eb0rodata.*)

.eb1text
 *(.eb1text)
 *(.eb1rodata)
 *(.eb1rodata.*)

.eb2text
 *(.eb2text)
 *(.eb2rodata)
 *(.eb2rodata.*)

.eb3text
 *(.eb3text)
 *(.eb3rodata)
 *(.eb3rodata.*)

.stab
 *(.stab)

.stabstr
 *(.stabstr)

.stab.excl
 *(.stab.excl)

.stab.exclstr
 *(.stab.exclstr)

.stab.index
 *(.stab.index)

.stab.indexstr
 *(.stab.indexstr)

.comment        0x00000000       0x70
 *(.comment)
 .comment       0x00000000       0x70 ./system/src/stm32f4-hal/stm32f4xx_hal.o
                                 0x71 (size before relaxing)
 .comment       0x00000000       0x71 ./system/src/stm32f4-hal/stm32f4xx_hal_cortex.o
 .comment       0x00000000       0x71 ./system/src/stm32f4-hal/stm32f4xx_hal_gpio.o
 .comment       0x00000000       0x71 ./system/src/stm32f4-hal/stm32f4xx_hal_rcc.o
 .comment       0x00000000       0x71 ./system/src/newlib/_exit.o
 .comment       0x00000000       0x71 ./system/src/newlib/_sbrk.o
 .comment       0x00000000       0x71 ./system/src/newlib/_startup.o
 .comment       0x00000000       0x71 ./system/src/newlib/_syscalls.o
 .comment       0x00000000       0x71 ./system/src/newlib/assert.o
 .comment       0x00000000       0x71 ./system/src/diag/Trace.o
 .comment       0x00000000       0x71 ./system/src/diag/trace_impl.o
 .comment       0x00000000       0x71 ./system/src/cortexm/_initialize_hardware.o
 .comment       0x00000000       0x71 ./system/src/cortexm/exception_handlers.o
 .comment       0x00000000       0x71 ./system/src/cmsis/system_stm32f4xx.o
 .comment       0x00000000       0x71 ./system/src/cmsis/vectors_stm32f4xx.o
 .comment       0x00000000       0x71 ./src/BlinkLed.o
 .comment       0x00000000       0x71 ./src/LCD.o
 .comment       0x00000000       0x71 ./src/Timer.o
 .comment       0x00000000       0x71 ./src/_initialize_hardware.o
 .comment       0x00000000       0x71 ./src/main.o

.ARM.attributes
                0x00000000       0x31
 .ARM.attributes
                0x00000000       0x33 ./system/src/stm32f4-hal/stm32f4xx_hal.o
 .ARM.attributes
                0x00000033       0x33 ./system/src/stm32f4-hal/stm32f4xx_hal_cortex.o
 .ARM.attributes
                0x00000066       0x33 ./system/src/stm32f4-hal/stm32f4xx_hal_gpio.o
 .ARM.attributes
                0x00000099       0x33 ./system/src/stm32f4-hal/stm32f4xx_hal_rcc.o
 .ARM.attributes
                0x000000cc       0x33 ./system/src/newlib/_exit.o
 .ARM.attributes
                0x000000ff       0x33 ./system/src/newlib/_sbrk.o
 .ARM.attributes
                0x00000132       0x33 ./system/src/newlib/_startup.o
 .ARM.attributes
                0x00000165       0x33 ./system/src/newlib/_syscalls.o
 .ARM.attributes
                0x00000198       0x33 ./system/src/newlib/assert.o
 .ARM.attributes
                0x000001cb       0x33 ./system/src/diag/Trace.o
 .ARM.attributes
                0x000001fe       0x33 ./system/src/diag/trace_impl.o
 .ARM.attributes
                0x00000231       0x33 ./system/src/cortexm/_initialize_hardware.o
 .ARM.attributes
                0x00000264       0x33 ./system/src/cortexm/exception_handlers.o
 .ARM.attributes
                0x00000297       0x33 ./system/src/cmsis/system_stm32f4xx.o
 .ARM.attributes
                0x000002ca       0x33 ./system/src/cmsis/vectors_stm32f4xx.o
 .ARM.attributes
                0x000002fd       0x33 ./src/BlinkLed.o
 .ARM.attributes
                0x00000330       0x33 ./src/LCD.o
 .ARM.attributes
                0x00000363       0x33 ./src/Timer.o
 .ARM.attributes
                0x00000396       0x33 ./src/_initialize_hardware.o
 .ARM.attributes
                0x000003c9       0x33 ./src/main.o
 .ARM.attributes
                0x000003fc       0x2e /home/brower/Programowanie/STM32/gcc-arm-none-eabi-4_8-2014q2/bin/../lib/gcc/arm-none-eabi/4.8.4/../../../../arm-none-eabi/lib/armv7e-m/libg_s.a(lib_a-errno.o)
 .ARM.attributes
                0x0000042a       0x2e /home/brower/Programowanie/STM32/gcc-arm-none-eabi-4_8-2014q2/bin/../lib/gcc/arm-none-eabi/4.8.4/../../../../arm-none-eabi/lib/armv7e-m/libg_s.a(lib_a-impure.o)
 .ARM.attributes
                0x00000458       0x1c /home/brower/Programowanie/STM32/gcc-arm-none-eabi-4_8-2014q2/bin/../lib/gcc/arm-none-eabi/4.8.4/../../../../arm-none-eabi/lib/armv7e-m/libg_s.a(lib_a-strcmp.o)
 .ARM.attributes
                0x00000474       0x2e /home/brower/Programowanie/STM32/gcc-arm-none-eabi-4_8-2014q2/bin/../lib/gcc/arm-none-eabi/4.8.4/../../../../arm-none-eabi/lib/armv7e-m/libg_s.a(lib_a-strlen.o)
 .ARM.attributes
                0x000004a2       0x2e /home/brower/Programowanie/STM32/gcc-arm-none-eabi-4_8-2014q2/bin/../lib/gcc/arm-none-eabi/4.8.4/../../../../arm-none-eabi/lib/armv7e-m/libg_s.a(lib_a-vsnprintf.o)
 .ARM.attributes
                0x000004d0       0x2e /home/brower/Programowanie/STM32/gcc-arm-none-eabi-4_8-2014q2/bin/../lib/gcc/arm-none-eabi/4.8.4/../../../../arm-none-eabi/lib/armv7e-m/libg_s.a(lib_a-svfprintf.o)
 .ARM.attributes
                0x000004fe       0x2e /home/brower/Programowanie/STM32/gcc-arm-none-eabi-4_8-2014q2/bin/../lib/gcc/arm-none-eabi/4.8.4/../../../../arm-none-eabi/lib/armv7e-m/libg_s.a(lib_a-vfprintf_i.o)
 .ARM.attributes
                0x0000052c       0x2e /home/brower/Programowanie/STM32/gcc-arm-none-eabi-4_8-2014q2/bin/../lib/gcc/arm-none-eabi/4.8.4/../../../../arm-none-eabi/lib/armv7e-m/libg_s.a(lib_a-memchr-stub.o)
 .ARM.attributes
                0x0000055a       0x2e /home/brower/Programowanie/STM32/gcc-arm-none-eabi-4_8-2014q2/bin/../lib/gcc/arm-none-eabi/4.8.4/../../../../arm-none-eabi/lib/armv7e-m/libg_s.a(lib_a-memcpy-stub.o)
 .ARM.attributes
                0x00000588       0x2e /home/brower/Programowanie/STM32/gcc-arm-none-eabi-4_8-2014q2/bin/../lib/gcc/arm-none-eabi/4.8.4/../../../../arm-none-eabi/lib/armv7e-m/libg_s.a(lib_a-memmove.o)
 .ARM.attributes
                0x000005b6       0x2e /home/brower/Programowanie/STM32/gcc-arm-none-eabi-4_8-2014q2/bin/../lib/gcc/arm-none-eabi/4.8.4/../../../../arm-none-eabi/lib/armv7e-m/libg_s.a(lib_a-nano-freer.o)
 .ARM.attributes
                0x000005e4       0x2e /home/brower/Programowanie/STM32/gcc-arm-none-eabi-4_8-2014q2/bin/../lib/gcc/arm-none-eabi/4.8.4/../../../../arm-none-eabi/lib/armv7e-m/libg_s.a(lib_a-nano-mallocr.o)
 .ARM.attributes
                0x00000612       0x2e /home/brower/Programowanie/STM32/gcc-arm-none-eabi-4_8-2014q2/bin/../lib/gcc/arm-none-eabi/4.8.4/../../../../arm-none-eabi/lib/armv7e-m/libg_s.a(lib_a-nano-reallocr.o)
 .ARM.attributes
                0x00000640       0x2e /home/brower/Programowanie/STM32/gcc-arm-none-eabi-4_8-2014q2/bin/../lib/gcc/arm-none-eabi/4.8.4/../../../../arm-none-eabi/lib/armv7e-m/libg_s.a(lib_a-sbrkr.o)
 .ARM.attributes
                0x0000066e       0x2e /home/brower/Programowanie/STM32/gcc-arm-none-eabi-4_8-2014q2/bin/../lib/gcc/arm-none-eabi/4.8.4/../../../../arm-none-eabi/lib/armv7e-m/libg_s.a(lib_a-nano-msizer.o)

.debug
 *(.debug)

.line
 *(.line)

.debug_srcinfo
 *(.debug_srcinfo)

.debug_sfnames
 *(.debug_sfnames)

.debug_aranges  0x00000000      0x6d8
 *(.debug_aranges)
 .debug_aranges
                0x00000000       0xc0 ./system/src/stm32f4-hal/stm32f4xx_hal.o
 .debug_aranges
                0x000000c0       0x90 ./system/src/stm32f4-hal/stm32f4xx_hal_cortex.o
 .debug_aranges
                0x00000150       0x58 ./system/src/stm32f4-hal/stm32f4xx_hal_gpio.o
 .debug_aranges
                0x000001a8       0x88 ./system/src/stm32f4-hal/stm32f4xx_hal_rcc.o
 .debug_aranges
                0x00000230       0x28 ./system/src/newlib/_exit.o
 .debug_aranges
                0x00000258       0x20 ./system/src/newlib/_sbrk.o
 .debug_aranges
                0x00000278       0x40 ./system/src/newlib/_startup.o
 .debug_aranges
                0x000002b8       0xd0 ./system/src/newlib/_syscalls.o
 .debug_aranges
                0x00000388       0x28 ./system/src/newlib/assert.o
 .debug_aranges
                0x000003b0       0x38 ./system/src/diag/Trace.o
 .debug_aranges
                0x000003e8       0x30 ./system/src/diag/trace_impl.o
 .debug_aranges
                0x00000418       0x28 ./system/src/cortexm/_initialize_hardware.o
 .debug_aranges
                0x00000440       0x90 ./system/src/cortexm/exception_handlers.o
 .debug_aranges
                0x000004d0       0x28 ./system/src/cmsis/system_stm32f4xx.o
 .debug_aranges
                0x000004f8       0x20 ./system/src/cmsis/vectors_stm32f4xx.o
 .debug_aranges
                0x00000518       0x20 ./src/BlinkLed.o
 .debug_aranges
                0x00000538       0x90 ./src/LCD.o
 .debug_aranges
                0x000005c8       0x40 ./src/Timer.o
 .debug_aranges
                0x00000608       0x28 ./src/_initialize_hardware.o
 .debug_aranges
                0x00000630       0xa8 ./src/main.o

.debug_pubnames
 *(.debug_pubnames)

.debug_info     0x00000000     0x86fb
 *(.debug_info .gnu.linkonce.wi.*)
 .debug_info    0x00000000      0x9b8 ./system/src/stm32f4-hal/stm32f4xx_hal.o
 .debug_info    0x000009b8      0xe44 ./system/src/stm32f4-hal/stm32f4xx_hal_cortex.o
 .debug_info    0x000017fc      0x85a ./system/src/stm32f4-hal/stm32f4xx_hal_gpio.o
 .debug_info    0x00002056     0x12d3 ./system/src/stm32f4-hal/stm32f4xx_hal_rcc.o
 .debug_info    0x00003329      0x100 ./system/src/newlib/_exit.o
 .debug_info    0x00003429      0x125 ./system/src/newlib/_sbrk.o
 .debug_info    0x0000354e      0x51a ./system/src/newlib/_startup.o
 .debug_info    0x00003a68      0x8f3 ./system/src/newlib/_syscalls.o
 .debug_info    0x0000435b      0x1cd ./system/src/newlib/assert.o
 .debug_info    0x00004528      0x32b ./system/src/diag/Trace.o
 .debug_info    0x00004853      0x2fa ./system/src/diag/trace_impl.o
 .debug_info    0x00004b4d       0xea ./system/src/cortexm/_initialize_hardware.o
 .debug_info    0x00004c37      0x961 ./system/src/cortexm/exception_handlers.o
 .debug_info    0x00005598      0x4a7 ./system/src/cmsis/system_stm32f4xx.o
 .debug_info    0x00005a3f       0xd1 ./system/src/cmsis/vectors_stm32f4xx.o
 .debug_info    0x00005b10      0x428 ./src/BlinkLed.o
 .debug_info    0x00005f38      0xae1 ./src/LCD.o
 .debug_info    0x00006a19      0x778 ./src/Timer.o
 .debug_info    0x00007191      0x4d6 ./src/_initialize_hardware.o
 .debug_info    0x00007667     0x1094 ./src/main.o

.debug_abbrev   0x00000000     0x203a
 *(.debug_abbrev)
 .debug_abbrev  0x00000000      0x275 ./system/src/stm32f4-hal/stm32f4xx_hal.o
 .debug_abbrev  0x00000275      0x2c5 ./system/src/stm32f4-hal/stm32f4xx_hal_cortex.o
 .debug_abbrev  0x0000053a      0x1fe ./system/src/stm32f4-hal/stm32f4xx_hal_gpio.o
 .debug_abbrev  0x00000738      0x2c1 ./system/src/stm32f4-hal/stm32f4xx_hal_rcc.o
 .debug_abbrev  0x000009f9       0xa4 ./system/src/newlib/_exit.o
 .debug_abbrev  0x00000a9d       0xbb ./system/src/newlib/_sbrk.o
 .debug_abbrev  0x00000b58      0x211 ./system/src/newlib/_startup.o
 .debug_abbrev  0x00000d69      0x178 ./system/src/newlib/_syscalls.o
 .debug_abbrev  0x00000ee1       0xc9 ./system/src/newlib/assert.o
 .debug_abbrev  0x00000faa      0x178 ./system/src/diag/Trace.o
 .debug_abbrev  0x00001122      0x1a7 ./system/src/diag/trace_impl.o
 .debug_abbrev  0x000012c9       0x88 ./system/src/cortexm/_initialize_hardware.o
 .debug_abbrev  0x00001351      0x251 ./system/src/cortexm/exception_handlers.o
 .debug_abbrev  0x000015a2      0x104 ./system/src/cmsis/system_stm32f4xx.o
 .debug_abbrev  0x000016a6       0x9d ./system/src/cmsis/vectors_stm32f4xx.o
 .debug_abbrev  0x00001743      0x162 ./src/BlinkLed.o
 .debug_abbrev  0x000018a5      0x1c3 ./src/LCD.o
 .debug_abbrev  0x00001a68      0x1ac ./src/Timer.o
 .debug_abbrev  0x00001c14      0x17e ./src/_initialize_hardware.o
 .debug_abbrev  0x00001d92      0x2a8 ./src/main.o

.debug_line     0x00000000     0x961b
 *(.debug_line)
 .debug_line    0x00000000      0x9bc ./system/src/stm32f4-hal/stm32f4xx_hal.o
 .debug_line    0x000009bc      0xa08 ./system/src/stm32f4-hal/stm32f4xx_hal_cortex.o
 .debug_line    0x000013c4      0x9e3 ./system/src/stm32f4-hal/stm32f4xx_hal_gpio.o
 .debug_line    0x00001da7      0xce3 ./system/src/stm32f4-hal/stm32f4xx_hal_rcc.o
 .debug_line    0x00002a8a      0x2c6 ./system/src/newlib/_exit.o
 .debug_line    0x00002d50      0x278 ./system/src/newlib/_sbrk.o
 .debug_line    0x00002fc8      0x344 ./system/src/newlib/_startup.o
 .debug_line    0x0000330c      0x4e8 ./system/src/newlib/_syscalls.o
 .debug_line    0x000037f4      0x2fd ./system/src/newlib/assert.o
 .debug_line    0x00003af1      0x394 ./system/src/diag/Trace.o
 .debug_line    0x00003e85      0x958 ./system/src/diag/trace_impl.o
 .debug_line    0x000047dd      0x856 ./system/src/cortexm/_initialize_hardware.o
 .debug_line    0x00005033      0xa88 ./system/src/cortexm/exception_handlers.o
 .debug_line    0x00005abb      0x857 ./system/src/cmsis/system_stm32f4xx.o
 .debug_line    0x00006312      0x22e ./system/src/cmsis/vectors_stm32f4xx.o
 .debug_line    0x00006540      0x835 ./src/BlinkLed.o
 .debug_line    0x00006d75      0x9cf ./src/LCD.o
 .debug_line    0x00007744      0x8bf ./src/Timer.o
 .debug_line    0x00008003      0x84b ./src/_initialize_hardware.o
 .debug_line    0x0000884e      0xdcd ./src/main.o

.debug_frame    0x00000000     0x1240
 *(.debug_frame)
 .debug_frame   0x00000000      0x184 ./system/src/stm32f4-hal/stm32f4xx_hal.o
 .debug_frame   0x00000184      0x164 ./system/src/stm32f4-hal/stm32f4xx_hal_cortex.o
 .debug_frame   0x000002e8       0xf0 ./system/src/stm32f4-hal/stm32f4xx_hal_gpio.o
 .debug_frame   0x000003d8      0x138 ./system/src/stm32f4-hal/stm32f4xx_hal_rcc.o
 .debug_frame   0x00000510       0x38 ./system/src/newlib/_exit.o
 .debug_frame   0x00000548       0x28 ./system/src/newlib/_sbrk.o
 .debug_frame   0x00000570       0x7c ./system/src/newlib/_startup.o
 .debug_frame   0x000005ec      0x230 ./system/src/newlib/_syscalls.o
 .debug_frame   0x0000081c       0x40 ./system/src/newlib/assert.o
 .debug_frame   0x0000085c       0x80 ./system/src/diag/Trace.o
 .debug_frame   0x000008dc       0x58 ./system/src/diag/trace_impl.o
 .debug_frame   0x00000934       0x40 ./system/src/cortexm/_initialize_hardware.o
 .debug_frame   0x00000974      0x160 ./system/src/cortexm/exception_handlers.o
 .debug_frame   0x00000ad4       0x30 ./system/src/cmsis/system_stm32f4xx.o
 .debug_frame   0x00000b04       0x20 ./system/src/cmsis/vectors_stm32f4xx.o
 .debug_frame   0x00000b24       0x2c ./src/BlinkLed.o
 .debug_frame   0x00000b50      0x188 ./src/LCD.o
 .debug_frame   0x00000cd8       0x70 ./src/Timer.o
 .debug_frame   0x00000d48       0x44 ./src/_initialize_hardware.o
 .debug_frame   0x00000d8c      0x1f0 ./src/main.o
 .debug_frame   0x00000f7c       0x20 /home/brower/Programowanie/STM32/gcc-arm-none-eabi-4_8-2014q2/bin/../lib/gcc/arm-none-eabi/4.8.4/../../../../arm-none-eabi/lib/armv7e-m/libg_s.a(lib_a-errno.o)
 .debug_frame   0x00000f9c       0x20 /home/brower/Programowanie/STM32/gcc-arm-none-eabi-4_8-2014q2/bin/../lib/gcc/arm-none-eabi/4.8.4/../../../../arm-none-eabi/lib/armv7e-m/libg_s.a(lib_a-strlen.o)
 .debug_frame   0x00000fbc       0x4c /home/brower/Programowanie/STM32/gcc-arm-none-eabi-4_8-2014q2/bin/../lib/gcc/arm-none-eabi/4.8.4/../../../../arm-none-eabi/lib/armv7e-m/libg_s.a(lib_a-vsnprintf.o)
 .debug_frame   0x00001008       0x88 /home/brower/Programowanie/STM32/gcc-arm-none-eabi-4_8-2014q2/bin/../lib/gcc/arm-none-eabi/4.8.4/../../../../arm-none-eabi/lib/armv7e-m/libg_s.a(lib_a-svfprintf.o)
 .debug_frame   0x00001090       0x60 /home/brower/Programowanie/STM32/gcc-arm-none-eabi-4_8-2014q2/bin/../lib/gcc/arm-none-eabi/4.8.4/../../../../arm-none-eabi/lib/armv7e-m/libg_s.a(lib_a-vfprintf_i.o)
 .debug_frame   0x000010f0       0x28 /home/brower/Programowanie/STM32/gcc-arm-none-eabi-4_8-2014q2/bin/../lib/gcc/arm-none-eabi/4.8.4/../../../../arm-none-eabi/lib/armv7e-m/libg_s.a(lib_a-memchr-stub.o)
 .debug_frame   0x00001118       0x28 /home/brower/Programowanie/STM32/gcc-arm-none-eabi-4_8-2014q2/bin/../lib/gcc/arm-none-eabi/4.8.4/../../../../arm-none-eabi/lib/armv7e-m/libg_s.a(lib_a-memcpy-stub.o)
 .debug_frame   0x00001140       0x2c /home/brower/Programowanie/STM32/gcc-arm-none-eabi-4_8-2014q2/bin/../lib/gcc/arm-none-eabi/4.8.4/../../../../arm-none-eabi/lib/armv7e-m/libg_s.a(lib_a-memmove.o)
 .debug_frame   0x0000116c       0x2c /home/brower/Programowanie/STM32/gcc-arm-none-eabi-4_8-2014q2/bin/../lib/gcc/arm-none-eabi/4.8.4/../../../../arm-none-eabi/lib/armv7e-m/libg_s.a(lib_a-nano-freer.o)
 .debug_frame   0x00001198       0x2c /home/brower/Programowanie/STM32/gcc-arm-none-eabi-4_8-2014q2/bin/../lib/gcc/arm-none-eabi/4.8.4/../../../../arm-none-eabi/lib/armv7e-m/libg_s.a(lib_a-nano-mallocr.o)
 .debug_frame   0x000011c4       0x30 /home/brower/Programowanie/STM32/gcc-arm-none-eabi-4_8-2014q2/bin/../lib/gcc/arm-none-eabi/4.8.4/../../../../arm-none-eabi/lib/armv7e-m/libg_s.a(lib_a-nano-reallocr.o)
 .debug_frame   0x000011f4       0x2c /home/brower/Programowanie/STM32/gcc-arm-none-eabi-4_8-2014q2/bin/../lib/gcc/arm-none-eabi/4.8.4/../../../../arm-none-eabi/lib/armv7e-m/libg_s.a(lib_a-sbrkr.o)
 .debug_frame   0x00001220       0x20 /home/brower/Programowanie/STM32/gcc-arm-none-eabi-4_8-2014q2/bin/../lib/gcc/arm-none-eabi/4.8.4/../../../../arm-none-eabi/lib/armv7e-m/libg_s.a(lib_a-nano-msizer.o)

.debug_str      0x00000000    0x97485
 *(.debug_str)
 .debug_str     0x00000000    0x9086d ./system/src/stm32f4-hal/stm32f4xx_hal.o
                              0x90b4c (size before relaxing)
 .debug_str     0x0009086d      0x2a3 ./system/src/stm32f4-hal/stm32f4xx_hal_cortex.o
                              0x908a8 (size before relaxing)
 .debug_str     0x00090b10      0x2d9 ./system/src/stm32f4-hal/stm32f4xx_hal_gpio.o
                              0x903c6 (size before relaxing)
 .debug_str     0x00090de9      0x41f ./system/src/stm32f4-hal/stm32f4xx_hal_rcc.o
                              0x905fd (size before relaxing)
 .debug_str     0x00091208     0x2803 ./system/src/newlib/_exit.o
                               0x4f35 (size before relaxing)
 .debug_str     0x00093a0b      0x4de ./system/src/newlib/_sbrk.o
                               0x44eb (size before relaxing)
 .debug_str     0x00093ee9      0x2cc ./system/src/newlib/_startup.o
                               0x3fdb (size before relaxing)
 .debug_str     0x000941b5      0xe3b ./system/src/newlib/_syscalls.o
                               0x53aa (size before relaxing)
 .debug_str     0x00094ff0       0xd0 ./system/src/newlib/assert.o
                               0x58f8 (size before relaxing)
 .debug_str     0x000950c0     0x175d ./system/src/diag/Trace.o
                               0x661c (size before relaxing)
 .debug_str     0x0009681d      0x356 ./system/src/diag/trace_impl.o
                              0x91e34 (size before relaxing)
 .debug_str     0x00096b73       0x4e ./system/src/cortexm/_initialize_hardware.o
                              0x8ffe5 (size before relaxing)
 .debug_str     0x00096bc1      0x1dc ./system/src/cortexm/exception_handlers.o
                              0x93ac2 (size before relaxing)
 .debug_str     0x00096d9d       0x46 ./system/src/cmsis/system_stm32f4xx.o
                              0x90158 (size before relaxing)
 .debug_str     0x00096de3       0x57 ./system/src/cmsis/vectors_stm32f4xx.o
                               0x3014 (size before relaxing)
 .debug_str     0x00096e3a      0x12f ./src/BlinkLed.o
                              0x90246 (size before relaxing)
 .debug_str     0x00096f69      0x1d8 ./src/LCD.o
                              0x903a2 (size before relaxing)
 .debug_str     0x00097141       0xa0 ./src/Timer.o
                              0x90696 (size before relaxing)
 .debug_str     0x000971e1       0x35 ./src/_initialize_hardware.o
                              0x90255 (size before relaxing)
 .debug_str     0x00097216      0x26f ./src/main.o
                              0x93a5b (size before relaxing)

.debug_loc      0x00000000     0x2f85
 *(.debug_loc)
 .debug_loc     0x00000000       0xb6 ./system/src/stm32f4-hal/stm32f4xx_hal.o
 .debug_loc     0x000000b6      0x63b ./system/src/stm32f4-hal/stm32f4xx_hal_cortex.o
 .debug_loc     0x000006f1      0x457 ./system/src/stm32f4-hal/stm32f4xx_hal_gpio.o
 .debug_loc     0x00000b48      0x7c8 ./system/src/stm32f4-hal/stm32f4xx_hal_rcc.o
 .debug_loc     0x00001310       0x6b ./system/src/newlib/_sbrk.o
 .debug_loc     0x0000137b      0x36e ./system/src/newlib/_startup.o
 .debug_loc     0x000016e9      0x549 ./system/src/newlib/_syscalls.o
 .debug_loc     0x00001c32      0x102 ./system/src/newlib/assert.o
 .debug_loc     0x00001d34       0xf7 ./system/src/diag/Trace.o
 .debug_loc     0x00001e2b      0x18f ./system/src/diag/trace_impl.o
 .debug_loc     0x00001fba      0x35b ./system/src/cortexm/exception_handlers.o
 .debug_loc     0x00002315      0x125 ./system/src/cmsis/system_stm32f4xx.o
 .debug_loc     0x0000243a      0x57c ./src/LCD.o
 .debug_loc     0x000029b6       0x59 ./src/Timer.o
 .debug_loc     0x00002a0f      0x576 ./src/main.o

.debug_macinfo
 *(.debug_macinfo)

.debug_weaknames
 *(.debug_weaknames)

.debug_funcnames
 *(.debug_funcnames)

.debug_typenames
 *(.debug_typenames)

.debug_varnames
 *(.debug_varnames)
OUTPUT(Tetris2.elf elf32-littlearm)

.debug_ranges   0x00000000      0x5b0
 .debug_ranges  0x00000000       0xb0 ./system/src/stm32f4-hal/stm32f4xx_hal.o
 .debug_ranges  0x000000b0       0x80 ./system/src/stm32f4-hal/stm32f4xx_hal_cortex.o
 .debug_ranges  0x00000130       0x48 ./system/src/stm32f4-hal/stm32f4xx_hal_gpio.o
 .debug_ranges  0x00000178       0x78 ./system/src/stm32f4-hal/stm32f4xx_hal_rcc.o
 .debug_ranges  0x000001f0       0x18 ./system/src/newlib/_exit.o
 .debug_ranges  0x00000208       0x10 ./system/src/newlib/_sbrk.o
 .debug_ranges  0x00000218       0x30 ./system/src/newlib/_startup.o
 .debug_ranges  0x00000248       0xc0 ./system/src/newlib/_syscalls.o
 .debug_ranges  0x00000308       0x18 ./system/src/newlib/assert.o
 .debug_ranges  0x00000320       0x28 ./system/src/diag/Trace.o
 .debug_ranges  0x00000348       0x20 ./system/src/diag/trace_impl.o
 .debug_ranges  0x00000368       0x18 ./system/src/cortexm/_initialize_hardware.o
 .debug_ranges  0x00000380       0x98 ./system/src/cortexm/exception_handlers.o
 .debug_ranges  0x00000418       0x18 ./system/src/cmsis/system_stm32f4xx.o
 .debug_ranges  0x00000430       0x10 ./system/src/cmsis/vectors_stm32f4xx.o
 .debug_ranges  0x00000440       0x10 ./src/BlinkLed.o
 .debug_ranges  0x00000450       0x80 ./src/LCD.o
 .debug_ranges  0x000004d0       0x30 ./src/Timer.o
 .debug_ranges  0x00000500       0x18 ./src/_initialize_hardware.o
 .debug_ranges  0x00000518       0x98 ./src/main.o

.debug_macro    0x00000000    0x18db2
 .debug_macro   0x00000000      0x382 ./system/src/stm32f4-hal/stm32f4xx_hal.o
 .debug_macro   0x00000382      0x87a ./system/src/stm32f4-hal/stm32f4xx_hal.o
 .debug_macro   0x00000bfc      0x24a ./system/src/stm32f4-hal/stm32f4xx_hal.o
 .debug_macro   0x00000e46       0x2e ./system/src/stm32f4-hal/stm32f4xx_hal.o
 .debug_macro   0x00000e74       0x28 ./system/src/stm32f4-hal/stm32f4xx_hal.o
 .debug_macro   0x00000e9c       0x3b ./system/src/stm32f4-hal/stm32f4xx_hal.o
 .debug_macro   0x00000ed7       0x16 ./system/src/stm32f4-hal/stm32f4xx_hal.o
 .debug_macro   0x00000eed       0x44 ./system/src/stm32f4-hal/stm32f4xx_hal.o
 .debug_macro   0x00000f31      0x209 ./system/src/stm32f4-hal/stm32f4xx_hal.o
 .debug_macro   0x0000113a       0x2d ./system/src/stm32f4-hal/stm32f4xx_hal.o
 .debug_macro   0x00001167       0x26 ./system/src/stm32f4-hal/stm32f4xx_hal.o
 .debug_macro   0x0000118d      0xd39 ./system/src/stm32f4-hal/stm32f4xx_hal.o
 .debug_macro   0x00001ec6     0x9201 ./system/src/stm32f4-hal/stm32f4xx_hal.o
 .debug_macro   0x0000b0c7       0x43 ./system/src/stm32f4-hal/stm32f4xx_hal.o
 .debug_macro   0x0000b10a     0x2694 ./system/src/stm32f4-hal/stm32f4xx_hal.o
 .debug_macro   0x0000d79e       0x64 ./system/src/stm32f4-hal/stm32f4xx_hal.o
 .debug_macro   0x0000d802      0xa22 ./system/src/stm32f4-hal/stm32f4xx_hal.o
 .debug_macro   0x0000e224      0x40f ./system/src/stm32f4-hal/stm32f4xx_hal.o
 .debug_macro   0x0000e633      0x15b ./system/src/stm32f4-hal/stm32f4xx_hal.o
 .debug_macro   0x0000e78e      0x11e ./system/src/stm32f4-hal/stm32f4xx_hal.o
 .debug_macro   0x0000e8ac      0x13e ./system/src/stm32f4-hal/stm32f4xx_hal.o
 .debug_macro   0x0000e9ea       0x27 ./system/src/stm32f4-hal/stm32f4xx_hal.o
 .debug_macro   0x0000ea11      0x272 ./system/src/stm32f4-hal/stm32f4xx_hal.o
 .debug_macro   0x0000ec83       0x5f ./system/src/stm32f4-hal/stm32f4xx_hal.o
 .debug_macro   0x0000ece2       0x5d ./system/src/stm32f4-hal/stm32f4xx_hal.o
 .debug_macro   0x0000ed3f      0x313 ./system/src/stm32f4-hal/stm32f4xx_hal.o
 .debug_macro   0x0000f052      0x154 ./system/src/stm32f4-hal/stm32f4xx_hal.o
 .debug_macro   0x0000f1a6       0xcf ./system/src/stm32f4-hal/stm32f4xx_hal.o
 .debug_macro   0x0000f275      0x360 ./system/src/stm32f4-hal/stm32f4xx_hal.o
 .debug_macro   0x0000f5d5       0x23 ./system/src/stm32f4-hal/stm32f4xx_hal.o
 .debug_macro   0x0000f5f8       0xdf ./system/src/stm32f4-hal/stm32f4xx_hal.o
 .debug_macro   0x0000f6d7       0xcd ./system/src/stm32f4-hal/stm32f4xx_hal.o
 .debug_macro   0x0000f7a4       0x3c ./system/src/stm32f4-hal/stm32f4xx_hal.o
 .debug_macro   0x0000f7e0      0x1b5 ./system/src/stm32f4-hal/stm32f4xx_hal.o
 .debug_macro   0x0000f995      0xda8 ./system/src/stm32f4-hal/stm32f4xx_hal.o
 .debug_macro   0x0001073d      0x133 ./system/src/stm32f4-hal/stm32f4xx_hal.o
 .debug_macro   0x00010870      0x217 ./system/src/stm32f4-hal/stm32f4xx_hal.o
 .debug_macro   0x00010a87       0x2e ./system/src/stm32f4-hal/stm32f4xx_hal.o
 .debug_macro   0x00010ab5      0x4ef ./system/src/stm32f4-hal/stm32f4xx_hal.o
 .debug_macro   0x00010fa4       0x88 ./system/src/stm32f4-hal/stm32f4xx_hal.o
 .debug_macro   0x0001102c       0xd5 ./system/src/stm32f4-hal/stm32f4xx_hal.o
 .debug_macro   0x00011101      0x17c ./system/src/stm32f4-hal/stm32f4xx_hal.o
 .debug_macro   0x0001127d      0x17d ./system/src/stm32f4-hal/stm32f4xx_hal.o
 .debug_macro   0x000113fa       0x9e ./system/src/stm32f4-hal/stm32f4xx_hal.o
 .debug_macro   0x00011498      0x199 ./system/src/stm32f4-hal/stm32f4xx_hal.o
 .debug_macro   0x00011631       0x43 ./system/src/stm32f4-hal/stm32f4xx_hal.o
 .debug_macro   0x00011674       0x97 ./system/src/stm32f4-hal/stm32f4xx_hal.o
 .debug_macro   0x0001170b      0x13a ./system/src/stm32f4-hal/stm32f4xx_hal.o
 .debug_macro   0x00011845       0x5e ./system/src/stm32f4-hal/stm32f4xx_hal.o
 .debug_macro   0x000118a3       0x97 ./system/src/stm32f4-hal/stm32f4xx_hal.o
 .debug_macro   0x0001193a       0x7c ./system/src/stm32f4-hal/stm32f4xx_hal.o
 .debug_macro   0x000119b6      0x31a ./system/src/stm32f4-hal/stm32f4xx_hal.o
 .debug_macro   0x00011cd0      0x409 ./system/src/stm32f4-hal/stm32f4xx_hal.o
 .debug_macro   0x000120d9       0xe4 ./system/src/stm32f4-hal/stm32f4xx_hal.o
 .debug_macro   0x000121bd      0x48d ./system/src/stm32f4-hal/stm32f4xx_hal.o
 .debug_macro   0x0001264a      0x22b ./system/src/stm32f4-hal/stm32f4xx_hal.o
 .debug_macro   0x00012875      0x202 ./system/src/stm32f4-hal/stm32f4xx_hal.o
 .debug_macro   0x00012a77      0x6d9 ./system/src/stm32f4-hal/stm32f4xx_hal.o
 .debug_macro   0x00013150       0x59 ./system/src/stm32f4-hal/stm32f4xx_hal.o
 .debug_macro   0x000131a9      0x14d ./system/src/stm32f4-hal/stm32f4xx_hal.o
 .debug_macro   0x000132f6      0x225 ./system/src/stm32f4-hal/stm32f4xx_hal.o
 .debug_macro   0x0001351b      0x1b5 ./system/src/stm32f4-hal/stm32f4xx_hal.o
 .debug_macro   0x000136d0      0x2f7 ./system/src/stm32f4-hal/stm32f4xx_hal.o
 .debug_macro   0x000139c7       0x94 ./system/src/stm32f4-hal/stm32f4xx_hal.o
 .debug_macro   0x00013a5b      0x1df ./system/src/stm32f4-hal/stm32f4xx_hal.o
 .debug_macro   0x00013c3a      0x109 ./system/src/stm32f4-hal/stm32f4xx_hal.o
 .debug_macro   0x00013d43       0x75 ./system/src/stm32f4-hal/stm32f4xx_hal.o
 .debug_macro   0x00013db8      0x126 ./system/src/stm32f4-hal/stm32f4xx_hal.o
 .debug_macro   0x00013ede      0x334 ./system/src/stm32f4-hal/stm32f4xx_hal_cortex.o
 .debug_macro   0x00014212      0x36c ./system/src/stm32f4-hal/stm32f4xx_hal_gpio.o
 .debug_macro   0x0001457e      0x376 ./system/src/stm32f4-hal/stm32f4xx_hal_rcc.o
 .debug_macro   0x000148f4      0x11b ./system/src/newlib/_exit.o
 .debug_macro   0x00014a0f       0xa3 ./system/src/newlib/_exit.o
 .debug_macro   0x00014ab2      0x10e ./system/src/newlib/_exit.o
 .debug_macro   0x00014bc0       0x86 ./system/src/newlib/_exit.o
 .debug_macro   0x00014c46       0x43 ./system/src/newlib/_exit.o
 .debug_macro   0x00014c89       0x10 ./system/src/newlib/_exit.o
 .debug_macro   0x00014c99       0x35 ./system/src/newlib/_exit.o
 .debug_macro   0x00014cce       0xd1 ./system/src/newlib/_sbrk.o
 .debug_macro   0x00014d9f       0x19 ./system/src/newlib/_sbrk.o
 .debug_macro   0x00014db8      0x16d ./system/src/newlib/_sbrk.o
 .debug_macro   0x00014f25       0x10 ./system/src/newlib/_sbrk.o
 .debug_macro   0x00014f35      0x23b ./system/src/newlib/_sbrk.o
 .debug_macro   0x00015170       0xe7 ./system/src/newlib/_startup.o
 .debug_macro   0x00015257      0x880 ./system/src/newlib/_startup.o
 .debug_macro   0x00015ad7      0x169 ./system/src/newlib/_syscalls.o
 .debug_macro   0x00015c40       0x1c ./system/src/newlib/_syscalls.o
 .debug_macro   0x00015c5c       0x10 ./system/src/newlib/_syscalls.o
 .debug_macro   0x00015c6c       0x10 ./system/src/newlib/_syscalls.o
 .debug_macro   0x00015c7c       0x10 ./system/src/newlib/_syscalls.o
 .debug_macro   0x00015c8c       0x35 ./system/src/newlib/_syscalls.o
 .debug_macro   0x00015cc1      0x120 ./system/src/newlib/_syscalls.o
 .debug_macro   0x00015de1       0x22 ./system/src/newlib/_syscalls.o
 .debug_macro   0x00015e03       0x2b ./system/src/newlib/_syscalls.o
 .debug_macro   0x00015e2e      0x118 ./system/src/newlib/_syscalls.o
 .debug_macro   0x00015f46      0x13a ./system/src/newlib/_syscalls.o
 .debug_macro   0x00016080       0x16 ./system/src/newlib/_syscalls.o
 .debug_macro   0x00016096      0x137 ./system/src/newlib/assert.o
 .debug_macro   0x000161cd       0x1c ./system/src/newlib/assert.o
 .debug_macro   0x000161e9      0x20f ./system/src/newlib/assert.o
 .debug_macro   0x000163f8      0x15a ./system/src/diag/Trace.o
 .debug_macro   0x00016552       0x16 ./system/src/diag/Trace.o
 .debug_macro   0x00016568       0x97 ./system/src/diag/Trace.o
 .debug_macro   0x000165ff       0x10 ./system/src/diag/Trace.o
 .debug_macro   0x0001660f       0xf6 ./system/src/diag/Trace.o
 .debug_macro   0x00016705       0x16 ./system/src/diag/Trace.o
 .debug_macro   0x0001671b      0x16c ./system/src/diag/Trace.o
 .debug_macro   0x00016887       0x52 ./system/src/diag/Trace.o
 .debug_macro   0x000168d9      0x283 ./system/src/diag/Trace.o
 .debug_macro   0x00016b5c       0x10 ./system/src/diag/Trace.o
 .debug_macro   0x00016b6c       0x1f ./system/src/diag/Trace.o
 .debug_macro   0x00016b8b      0x3fc ./system/src/diag/trace_impl.o
 .debug_macro   0x00016f87       0x22 ./system/src/diag/trace_impl.o
 .debug_macro   0x00016fa9      0x33e ./system/src/cortexm/_initialize_hardware.o
 .debug_macro   0x000172e7      0x46b ./system/src/cortexm/exception_handlers.o
 .debug_macro   0x00017752      0x33a ./system/src/cmsis/system_stm32f4xx.o
 .debug_macro   0x00017a8c       0x52 ./system/src/cmsis/vectors_stm32f4xx.o
 .debug_macro   0x00017ade      0x343 ./src/BlinkLed.o
 .debug_macro   0x00017e21       0x28 ./src/BlinkLed.o
 .debug_macro   0x00017e49      0x38a ./src/LCD.o
 .debug_macro   0x000181d3      0x357 ./src/Timer.o
 .debug_macro   0x0001852a       0x10 ./src/Timer.o
 .debug_macro   0x0001853a      0x334 ./src/_initialize_hardware.o
 .debug_macro   0x0001886e      0x4b8 ./src/main.o
 .debug_macro   0x00018d26       0x5e ./src/main.o
 .debug_macro   0x00018d84       0x2e ./src/main.o
